[2025-04-13 20:25:20] INFO (database.js): 🔗 Estabelecendo conexão com o MongoDB...
[2025-04-13 20:25:20] INFO (pokemonService.js): 🚀 Iniciando exportação de relatórios...
[2025-04-13 20:25:20] INFO (database.js): ✅ MongoDB conectado com sucesso!
[2025-04-13 20:25:20] INFO (pokemonService.js): 🔄 Buscando dados de Pokémon...
[2025-04-13 20:25:20] INFO (pokemonService.js): 📊 1184 Pokémon(s) encontrados.
[2025-04-13 20:25:20] INFO (exportUtils.js): ✅ Arquivo JSON salvo como pokemonsReport.json
[2025-04-13 20:25:20] INFO (database.js): 🔌 Encerrando conexão com MongoDB...
[2025-04-13 20:25:20] INFO (pokemonService.js): 📁 Exportando arquivos...
[2025-04-13 20:25:20] INFO (pokemonService.js): ✅ Exportação concluída com sucesso!
[2025-04-13 20:25:20] INFO (pokemonService.js): 🏁 Processo de exportação finalizado.
[2025-04-13 20:25:20] INFO (exportUtils.js): ✅ Arquivo CSV salvo como pokemonsReport.csv
[2025-04-13 20:25:20] WARN (database.js): ⚠️ MongoDB desconectado!
[2025-04-13 20:25:20] INFO (database.js): ✅ Desconexão realizada com sucesso.
[2025-04-13 20:32:02] INFO (database.js): 🔗 Estabelecendo conexão com o MongoDB...
[2025-04-13 20:32:02] INFO (pokemonService.js): 🚀 Iniciando exportação de relatórios...
[2025-04-13 20:32:02] INFO (database.js): ✅ MongoDB conectado com sucesso!
[2025-04-13 20:32:02] INFO (pokemonService.js): 🔄 Buscando dados de Pokémon...
[2025-04-13 20:32:02] INFO (pokemonService.js): 📊 1184 Pokémon(s) encontrados.
[2025-04-13 20:32:02] INFO (exportUtils.js): ✅ Arquivo JSON salvo como pokemonsReport.json
[2025-04-13 20:32:02] INFO (database.js): 🔌 Encerrando conexão com MongoDB...
[2025-04-13 20:32:02] INFO (pokemonService.js): 📁 Exportando arquivos...
[2025-04-13 20:32:02] INFO (pokemonService.js): ✅ Exportação concluída com sucesso!
[2025-04-13 20:32:02] INFO (exportUtils.js): ✅ Arquivo CSV salvo como pokemonsReport.csv
[2025-04-13 20:32:02] WARN (database.js): ⚠️ MongoDB desconectado!
[2025-04-13 20:32:02] INFO (pokemonService.js): 🏁 Processo de exportação finalizado.
[2025-04-13 20:32:02] INFO (database.js): ✅ Desconexão realizada com sucesso.
[2025-04-13 22:14:59] INFO (database.js): 🔗 Estabelecendo conexão com o MongoDB...
[2025-04-13 22:14:59] INFO (pokemonService.js): 🚀 Iniciando exportação de relatórios...
[2025-04-13 22:14:59] INFO (database.js): ✅ MongoDB conectado com sucesso!
[2025-04-13 22:14:59] INFO (pokemonService.js): 🔄 Buscando dados de Pokémon...
[2025-04-13 22:14:59] INFO (pokemonService.js): 📊 1184 Pokémon(s) encontrados.
[2025-04-13 22:14:59] INFO (exportUtils.js): ✅ Arquivo JSON salvo como pokemonsReport.json
[2025-04-13 22:14:59] INFO (database.js): 🔌 Encerrando conexão com MongoDB...
[2025-04-13 22:14:59] INFO (pokemonService.js): 📁 Exportando arquivos...
[2025-04-13 22:14:59] INFO (pokemonService.js): ✅ Exportação concluída com sucesso!
[2025-04-13 22:14:59] INFO (exportUtils.js): ✅ Arquivo CSV salvo como pokemonsReport.csv
[2025-04-13 22:14:59] WARN (database.js): ⚠️ MongoDB desconectado!
[2025-04-13 22:14:59] INFO (pokemonService.js): 🏁 Processo de exportação finalizado.
[2025-04-13 22:14:59] INFO (database.js): ✅ Desconexão realizada com sucesso.
[2025-04-13 22:15:00] INFO (database.js): 🔗 Estabelecendo conexão com o MongoDB...
[2025-04-13 22:15:00] INFO (pokemonService.js): 🚀 Iniciando exportação de relatórios...
[2025-04-13 22:15:00] INFO (database.js): ✅ MongoDB conectado com sucesso!
[2025-04-13 22:15:00] INFO (pokemonService.js): 🔄 Buscando dados de Pokémon...
[2025-04-13 22:15:00] INFO (pokemonService.js): 📊 1184 Pokémon(s) encontrados.
[2025-04-13 22:15:00] INFO (exportUtils.js): ✅ Arquivo JSON salvo como pokemonsReport.json
[2025-04-13 22:15:00] INFO (database.js): 🔌 Encerrando conexão com MongoDB...
[2025-04-13 22:15:00] INFO (pokemonService.js): 📁 Exportando arquivos...
[2025-04-13 22:15:00] INFO (pokemonService.js): ✅ Exportação concluída com sucesso!
[2025-04-13 22:15:00] INFO (exportUtils.js): ✅ Arquivo CSV salvo como pokemonsReport.csv
[2025-04-13 22:15:00] WARN (database.js): ⚠️ MongoDB desconectado!
[2025-04-13 22:15:00] INFO (pokemonService.js): 🏁 Processo de exportação finalizado.
[2025-04-13 22:15:00] INFO (database.js): ✅ Desconexão realizada com sucesso.
[2025-04-13 22:15:00] INFO (database.js): 🔗 Estabelecendo conexão com o MongoDB...
[2025-04-13 22:15:00] INFO (pokemonService.js): 🚀 Iniciando exportação de relatórios...
[2025-04-13 22:15:00] INFO (database.js): ✅ MongoDB conectado com sucesso!
[2025-04-13 22:15:00] INFO (pokemonService.js): 🔄 Buscando dados de Pokémon...
[2025-04-13 22:15:00] INFO (pokemonService.js): 📊 1184 Pokémon(s) encontrados.
[2025-04-13 22:15:00] INFO (exportUtils.js): ✅ Arquivo JSON salvo como pokemonsReport.json
[2025-04-13 22:15:00] INFO (database.js): 🔌 Encerrando conexão com MongoDB...
[2025-04-13 22:15:00] INFO (pokemonService.js): 📁 Exportando arquivos...
[2025-04-13 22:15:00] INFO (pokemonService.js): ✅ Exportação concluída com sucesso!
[2025-04-13 22:15:00] INFO (pokemonService.js): 🏁 Processo de exportação finalizado.
[2025-04-13 22:15:00] INFO (exportUtils.js): ✅ Arquivo CSV salvo como pokemonsReport.csv
[2025-04-13 22:15:00] WARN (database.js): ⚠️ MongoDB desconectado!
[2025-04-13 22:15:00] INFO (database.js): ✅ Desconexão realizada com sucesso.
[2025-04-13 22:15:01] INFO (database.js): 🔗 Estabelecendo conexão com o MongoDB...
[2025-04-13 22:15:01] INFO (pokemonService.js): 🚀 Iniciando exportação de relatórios...
[2025-04-13 22:15:01] INFO (database.js): ✅ MongoDB conectado com sucesso!
[2025-04-13 22:15:01] INFO (pokemonService.js): 🔄 Buscando dados de Pokémon...
[2025-04-13 22:15:01] INFO (pokemonService.js): 📊 1184 Pokémon(s) encontrados.
[2025-04-13 22:15:01] INFO (exportUtils.js): ✅ Arquivo JSON salvo como pokemonsReport.json
[2025-04-13 22:15:01] INFO (database.js): 🔌 Encerrando conexão com MongoDB...
[2025-04-13 22:15:01] INFO (pokemonService.js): 📁 Exportando arquivos...
[2025-04-13 22:15:01] INFO (pokemonService.js): ✅ Exportação concluída com sucesso!
[2025-04-13 22:15:01] INFO (pokemonService.js): 🏁 Processo de exportação finalizado.
[2025-04-13 22:15:01] INFO (exportUtils.js): ✅ Arquivo CSV salvo como pokemonsReport.csv
[2025-04-13 22:15:01] WARN (database.js): ⚠️ MongoDB desconectado!
[2025-04-13 22:15:01] INFO (database.js): ✅ Desconexão realizada com sucesso.
[2025-04-13 22:15:01] INFO (database.js): 🔗 Estabelecendo conexão com o MongoDB...
[2025-04-13 22:15:01] INFO (pokemonService.js): 🚀 Iniciando exportação de relatórios...
[2025-04-13 22:15:01] INFO (database.js): ✅ MongoDB conectado com sucesso!
[2025-04-13 22:15:01] INFO (pokemonService.js): 🔄 Buscando dados de Pokémon...
[2025-04-13 22:15:01] INFO (pokemonService.js): 📊 1184 Pokémon(s) encontrados.
[2025-04-13 22:15:01] INFO (exportUtils.js): ✅ Arquivo JSON salvo como pokemonsReport.json
[2025-04-13 22:15:01] INFO (database.js): 🔌 Encerrando conexão com MongoDB...
[2025-04-13 22:15:01] INFO (pokemonService.js): 📁 Exportando arquivos...
[2025-04-13 22:15:01] INFO (pokemonService.js): ✅ Exportação concluída com sucesso!
[2025-04-13 22:15:01] INFO (exportUtils.js): ✅ Arquivo CSV salvo como pokemonsReport.csv
[2025-04-13 22:15:01] WARN (database.js): ⚠️ MongoDB desconectado!
[2025-04-13 22:15:01] INFO (pokemonService.js): 🏁 Processo de exportação finalizado.
[2025-04-13 22:15:01] INFO (database.js): ✅ Desconexão realizada com sucesso.
[2025-04-13 22:15:02] INFO (database.js): 🔗 Estabelecendo conexão com o MongoDB...
[2025-04-13 22:15:02] INFO (pokemonService.js): 🚀 Iniciando exportação de relatórios...
[2025-04-13 22:15:02] INFO (database.js): ✅ MongoDB conectado com sucesso!
[2025-04-13 22:15:02] INFO (pokemonService.js): 🔄 Buscando dados de Pokémon...
[2025-04-13 22:15:02] INFO (pokemonService.js): 📊 1184 Pokémon(s) encontrados.
[2025-04-13 22:15:02] INFO (exportUtils.js): ✅ Arquivo JSON salvo como pokemonsReport.json
[2025-04-13 22:15:02] INFO (database.js): 🔌 Encerrando conexão com MongoDB...
[2025-04-13 22:15:02] INFO (pokemonService.js): 📁 Exportando arquivos...
[2025-04-13 22:15:02] INFO (pokemonService.js): ✅ Exportação concluída com sucesso!
[2025-04-13 22:15:02] INFO (exportUtils.js): ✅ Arquivo CSV salvo como pokemonsReport.csv
[2025-04-13 22:15:02] WARN (database.js): ⚠️ MongoDB desconectado!
[2025-04-13 22:15:02] INFO (pokemonService.js): 🏁 Processo de exportação finalizado.
[2025-04-13 22:15:02] INFO (database.js): ✅ Desconexão realizada com sucesso.
[2025-04-13 22:15:02] INFO (database.js): 🔗 Estabelecendo conexão com o MongoDB...
[2025-04-13 22:15:02] INFO (pokemonService.js): 🚀 Iniciando exportação de relatórios...
[2025-04-13 22:15:02] INFO (database.js): ✅ MongoDB conectado com sucesso!
[2025-04-13 22:15:02] INFO (pokemonService.js): 🔄 Buscando dados de Pokémon...
[2025-04-13 22:15:03] INFO (pokemonService.js): 📊 1184 Pokémon(s) encontrados.
[2025-04-13 22:15:03] INFO (exportUtils.js): ✅ Arquivo JSON salvo como pokemonsReport.json
[2025-04-13 22:15:03] INFO (database.js): 🔌 Encerrando conexão com MongoDB...
[2025-04-13 22:15:03] INFO (pokemonService.js): 📁 Exportando arquivos...
[2025-04-13 22:15:03] INFO (pokemonService.js): ✅ Exportação concluída com sucesso!
[2025-04-13 22:15:03] INFO (pokemonService.js): 🏁 Processo de exportação finalizado.
[2025-04-13 22:15:03] INFO (exportUtils.js): ✅ Arquivo CSV salvo como pokemonsReport.csv
[2025-04-13 22:15:03] WARN (database.js): ⚠️ MongoDB desconectado!
[2025-04-13 22:15:03] INFO (database.js): ✅ Desconexão realizada com sucesso.
[2025-04-13 22:15:03] INFO (database.js): 🔗 Estabelecendo conexão com o MongoDB...
[2025-04-13 22:15:03] INFO (pokemonService.js): 🚀 Iniciando exportação de relatórios...
[2025-04-13 22:15:03] INFO (database.js): ✅ MongoDB conectado com sucesso!
[2025-04-13 22:15:03] INFO (pokemonService.js): 🔄 Buscando dados de Pokémon...
[2025-04-13 22:15:03] INFO (pokemonService.js): 📊 1184 Pokémon(s) encontrados.
[2025-04-13 22:15:03] INFO (exportUtils.js): ✅ Arquivo JSON salvo como pokemonsReport.json
[2025-04-13 22:15:03] INFO (database.js): 🔌 Encerrando conexão com MongoDB...
[2025-04-13 22:15:03] INFO (pokemonService.js): 📁 Exportando arquivos...
[2025-04-13 22:15:03] INFO (pokemonService.js): ✅ Exportação concluída com sucesso!
[2025-04-13 22:15:03] INFO (exportUtils.js): ✅ Arquivo CSV salvo como pokemonsReport.csv
[2025-04-13 22:15:03] WARN (database.js): ⚠️ MongoDB desconectado!
[2025-04-13 22:15:03] INFO (pokemonService.js): 🏁 Processo de exportação finalizado.
[2025-04-13 22:15:03] INFO (database.js): ✅ Desconexão realizada com sucesso.
[2025-04-13 22:15:04] INFO (database.js): 🔗 Estabelecendo conexão com o MongoDB...
[2025-04-13 22:15:04] INFO (pokemonService.js): 🚀 Iniciando exportação de relatórios...
[2025-04-13 22:15:04] INFO (database.js): ✅ MongoDB conectado com sucesso!
[2025-04-13 22:15:04] INFO (pokemonService.js): 🔄 Buscando dados de Pokémon...
[2025-04-13 22:15:04] INFO (pokemonService.js): 📊 1184 Pokémon(s) encontrados.
[2025-04-13 22:15:04] INFO (exportUtils.js): ✅ Arquivo JSON salvo como pokemonsReport.json
[2025-04-13 22:15:04] INFO (database.js): 🔌 Encerrando conexão com MongoDB...
[2025-04-13 22:15:04] INFO (pokemonService.js): 📁 Exportando arquivos...
[2025-04-13 22:15:04] INFO (pokemonService.js): ✅ Exportação concluída com sucesso!
[2025-04-13 22:15:04] INFO (pokemonService.js): 🏁 Processo de exportação finalizado.
[2025-04-13 22:15:04] INFO (exportUtils.js): ✅ Arquivo CSV salvo como pokemonsReport.csv
[2025-04-13 22:15:04] WARN (database.js): ⚠️ MongoDB desconectado!
[2025-04-13 22:15:04] INFO (database.js): ✅ Desconexão realizada com sucesso.
[2025-04-13 22:15:04] INFO (database.js): 🔗 Estabelecendo conexão com o MongoDB...
[2025-04-13 22:15:04] INFO (pokemonService.js): 🚀 Iniciando exportação de relatórios...
[2025-04-13 22:15:04] INFO (database.js): ✅ MongoDB conectado com sucesso!
[2025-04-13 22:15:04] INFO (pokemonService.js): 🔄 Buscando dados de Pokémon...
[2025-04-13 22:15:04] INFO (pokemonService.js): 📊 1184 Pokémon(s) encontrados.
[2025-04-13 22:15:04] INFO (exportUtils.js): ✅ Arquivo JSON salvo como pokemonsReport.json
[2025-04-13 22:15:04] INFO (database.js): 🔌 Encerrando conexão com MongoDB...
[2025-04-13 22:15:04] INFO (pokemonService.js): 📁 Exportando arquivos...
[2025-04-13 22:15:04] INFO (pokemonService.js): ✅ Exportação concluída com sucesso!
[2025-04-13 22:15:04] INFO (pokemonService.js): 🏁 Processo de exportação finalizado.
[2025-04-13 22:15:04] INFO (exportUtils.js): ✅ Arquivo CSV salvo como pokemonsReport.csv
[2025-04-13 22:15:04] WARN (database.js): ⚠️ MongoDB desconectado!
[2025-04-13 22:15:04] INFO (database.js): ✅ Desconexão realizada com sucesso.
[2025-04-13 22:15:05] INFO (database.js): 🔗 Estabelecendo conexão com o MongoDB...
[2025-04-13 22:15:05] INFO (pokemonService.js): 🚀 Iniciando exportação de relatórios...
[2025-04-13 22:15:05] INFO (database.js): ✅ MongoDB conectado com sucesso!
[2025-04-13 22:15:05] INFO (pokemonService.js): 🔄 Buscando dados de Pokémon...
[2025-04-13 22:15:05] INFO (pokemonService.js): 📊 1184 Pokémon(s) encontrados.
[2025-04-13 22:15:05] INFO (exportUtils.js): ✅ Arquivo JSON salvo como pokemonsReport.json
[2025-04-13 22:15:05] INFO (database.js): 🔌 Encerrando conexão com MongoDB...
[2025-04-13 22:15:05] INFO (pokemonService.js): 📁 Exportando arquivos...
[2025-04-13 22:15:05] INFO (pokemonService.js): ✅ Exportação concluída com sucesso!
[2025-04-13 22:15:05] INFO (exportUtils.js): ✅ Arquivo CSV salvo como pokemonsReport.csv
[2025-04-13 22:15:05] WARN (database.js): ⚠️ MongoDB desconectado!
[2025-04-13 22:15:05] INFO (pokemonService.js): 🏁 Processo de exportação finalizado.
[2025-04-13 22:15:05] INFO (database.js): ✅ Desconexão realizada com sucesso.
[2025-04-13 22:15:05] INFO (database.js): 🔗 Estabelecendo conexão com o MongoDB...
[2025-04-13 22:15:05] INFO (pokemonService.js): 🚀 Iniciando exportação de relatórios...
[2025-04-13 22:15:05] INFO (database.js): ✅ MongoDB conectado com sucesso!
[2025-04-13 22:15:05] INFO (pokemonService.js): 🔄 Buscando dados de Pokémon...
[2025-04-13 22:15:05] INFO (pokemonService.js): 📊 1184 Pokémon(s) encontrados.
[2025-04-13 22:15:05] INFO (exportUtils.js): ✅ Arquivo JSON salvo como pokemonsReport.json
[2025-04-13 22:15:05] INFO (database.js): 🔌 Encerrando conexão com MongoDB...
[2025-04-13 22:15:05] INFO (pokemonService.js): 📁 Exportando arquivos...
[2025-04-13 22:15:05] INFO (pokemonService.js): ✅ Exportação concluída com sucesso!
[2025-04-13 22:15:05] INFO (exportUtils.js): ✅ Arquivo CSV salvo como pokemonsReport.csv
[2025-04-13 22:15:05] WARN (database.js): ⚠️ MongoDB desconectado!
[2025-04-13 22:15:05] INFO (pokemonService.js): 🏁 Processo de exportação finalizado.
[2025-04-13 22:15:05] INFO (database.js): ✅ Desconexão realizada com sucesso.
[2025-04-13 22:32:52] INFO (database.js): 🔗 Estabelecendo conexão com o MongoDB...
[2025-04-13 22:32:52] INFO (pokemonService.js): 🚀 Iniciando exportação de relatórios...
[2025-04-13 22:32:52] INFO (database.js): ✅ MongoDB conectado com sucesso!
[2025-04-13 22:32:52] INFO (pokemonService.js): 🔄 Buscando dados de Pokémon...
[2025-04-13 22:32:52] INFO (pokemonService.js): 📊 1184 Pokémon(s) encontrados.
[2025-04-13 22:32:52] INFO (exportUtils.js): ✅ Arquivo JSON salvo como pokemon_reports.json
[2025-04-13 22:32:52] INFO (database.js): 🔌 Encerrando conexão com MongoDB...
[2025-04-13 22:32:52] INFO (pokemonService.js): 📁 Exportando arquivos...
[2025-04-13 22:32:52] INFO (pokemonService.js): ✅ Exportação concluída com sucesso!
[2025-04-13 22:32:52] INFO (exportUtils.js): ✅ Arquivo CSV salvo como pokemon_reports.csv
[2025-04-13 22:32:52] WARN (database.js): ⚠️ MongoDB desconectado!
[2025-04-13 22:32:52] INFO (pokemonService.js): 🏁 Processo de exportação finalizado.
[2025-04-13 22:32:52] INFO (database.js): ✅ Desconexão realizada com sucesso.
