[2025-04-19 00:02:57] INFO (database.js): 🔗 Estabelecendo conexão com o MongoDB...
[2025-04-19 00:02:57] INFO (pokemonService.js): 🚀 Iniciando exportação de relatórios...
[2025-04-19 00:02:57] INFO (database.js): ✅ MongoDB conectado com sucesso!
[2025-04-19 00:02:57] INFO (pokemonService.js): 🔄 Buscando dados de Pokémon...
[2025-04-19 00:02:57] INFO (pokemonService.js): 📊 1184 Pokémon(s) encontrados.
[2025-04-19 00:02:57] INFO (exportUtils.js): ✅ Arquivo JSON salvo como pokemon_reports.json
[2025-04-19 00:02:57] INFO (pokemonService.js): 📁 Exportando arquivos...
[2025-04-19 00:02:57] INFO (exportUtils.js): ✅ Arquivo CSV salvo como pokemon_reports.csv
[2025-04-19 00:02:57] INFO (pokemonService.js): 📤 Fazendo upsert na coleção 'pokemon_report'...
[2025-04-19 00:02:58] INFO (pokemonService.js): ✅ Upserts realizados: 1, atualizações: 1
[2025-04-19 00:02:58] INFO (database.js): 🔌 Encerrando conexão com MongoDB...
[2025-04-19 00:02:58] INFO (pokemonService.js): 🏁 Processo de exportação finalizado.
[2025-04-19 00:02:58] WARN (database.js): ⚠️ MongoDB desconectado!
[2025-04-19 00:02:58] INFO (database.js): ✅ Desconexão realizada com sucesso.
[2025-04-19 00:10:03] INFO (database.js): 🔗 Estabelecendo conexão com o MongoDB...
[2025-04-19 00:10:03] INFO (pokemonService.js): 🚀 Iniciando exportação de relatórios...
[2025-04-19 00:10:03] INFO (database.js): ✅ MongoDB conectado com sucesso!
[2025-04-19 00:10:03] INFO (pokemonService.js): 🔄 Buscando dados de Pokémon...
[2025-04-19 00:10:03] INFO (pokemonService.js): 📊 1184 Pokémon(s) encontrados.
[2025-04-19 00:10:03] INFO (exportUtils.js): ✅ Arquivo JSON salvo como pokemon_reports.json
[2025-04-19 00:10:03] INFO (pokemonService.js): 📁 Exportando arquivos...
[2025-04-19 00:10:03] INFO (pokemonService.js): 📤 Fazendo upsert na coleção 'pokemon_report'...
[2025-04-19 00:10:03] INFO (exportUtils.js): ✅ Arquivo CSV salvo como pokemon_reports.csv
[2025-04-19 00:10:03] INFO (pokemonService.js): ✅ Upserts realizados: 1, atualizações: 0
[2025-04-19 00:10:03] INFO (database.js): 🔌 Encerrando conexão com MongoDB...
[2025-04-19 00:10:03] WARN (database.js): ⚠️ MongoDB desconectado!
[2025-04-19 00:10:03] INFO (pokemonService.js): 🏁 Processo de exportação finalizado.
[2025-04-19 00:10:03] INFO (database.js): ✅ Desconexão realizada com sucesso.
[2025-04-19 00:11:02] INFO (database.js): 🔗 Estabelecendo conexão com o MongoDB...
[2025-04-19 00:11:02] INFO (pokemonService.js): 🚀 Iniciando exportação de relatórios...
[2025-04-19 00:11:02] INFO (database.js): ✅ MongoDB conectado com sucesso!
[2025-04-19 00:11:02] INFO (pokemonService.js): 🔄 Buscando dados de Pokémon...
[2025-04-19 00:11:02] INFO (pokemonService.js): 📊 1184 Pokémon(s) encontrados.
[2025-04-19 00:11:02] INFO (exportUtils.js): ✅ Arquivo JSON salvo como pokemon_reports.json
[2025-04-19 00:11:02] INFO (pokemonService.js): 📁 Exportando arquivos...
[2025-04-19 00:11:02] INFO (pokemonService.js): 📤 Fazendo upsert na coleção 'pokemon_report'...
[2025-04-19 00:11:02] INFO (exportUtils.js): ✅ Arquivo CSV salvo como pokemon_reports.csv
[2025-04-19 00:11:02] INFO (pokemonService.js): ✅ Upserts realizados: 1, atualizações: 1
[2025-04-19 00:11:02] INFO (database.js): 🔌 Encerrando conexão com MongoDB...
[2025-04-19 00:11:02] WARN (database.js): ⚠️ MongoDB desconectado!
[2025-04-19 00:11:02] INFO (pokemonService.js): 🏁 Processo de exportação finalizado.
[2025-04-19 00:11:02] INFO (database.js): ✅ Desconexão realizada com sucesso.
[2025-04-19 00:19:15] INFO (database.js): 🔗 Estabelecendo conexão com o MongoDB...
[2025-04-19 00:19:15] INFO (pokemonService.js): 🚀 Iniciando exportação de relatórios...
[2025-04-19 00:19:15] INFO (database.js): ✅ MongoDB conectado com sucesso!
[2025-04-19 00:19:15] INFO (pokemonService.js): 🔄 Buscando dados de Pokémon...
[2025-04-19 00:19:15] INFO (pokemonService.js): 📊 1184 Pokémon(s) encontrados.
[2025-04-19 00:19:15] INFO (exportUtils.js): ✅ Arquivo JSON salvo como pokemon_reports.json
[2025-04-19 00:19:15] INFO (database.js): 🔌 Encerrando conexão com MongoDB...
[2025-04-19 00:19:15] INFO (pokemonService.js): 📁 Exportando arquivos...
[2025-04-19 00:19:15] INFO (pokemonService.js): 📤 Fazendo upsert na coleção 'pokemon_report'...
[2025-04-19 00:19:15] ERROR (pokemonService.js): ❌ Erro durante a exportação:
[2025-04-19 00:19:15] INFO (exportUtils.js): ✅ Arquivo CSV salvo como pokemon_reports.csv
[2025-04-19 00:19:16] WARN (database.js): ⚠️ MongoDB desconectado!
[2025-04-19 00:19:16] INFO (pokemonService.js): 🏁 Processo de exportação finalizado.
[2025-04-19 00:19:16] INFO (database.js): ✅ Desconexão realizada com sucesso.
[2025-04-19 00:21:58] INFO (database.js): 🔗 Estabelecendo conexão com o MongoDB...
[2025-04-19 00:21:58] INFO (pokemonService.js): 🚀 Iniciando exportação de relatórios...
[2025-04-19 00:21:58] INFO (database.js): ✅ MongoDB conectado com sucesso!
[2025-04-19 00:21:58] INFO (pokemonService.js): 🔄 Buscando dados de Pokémon...
[2025-04-19 00:21:58] INFO (pokemonService.js): 📊 1184 Pokémon(s) encontrados.
[2025-04-19 00:21:58] INFO (exportUtils.js): ✅ Arquivo JSON salvo como pokemon_reports.json
[2025-04-19 00:21:58] INFO (pokemonService.js): 📁 Exportando arquivos...
[2025-04-19 00:21:58] INFO (pokemonService.js): 📤 Fazendo upsert na coleção 'pokemon_report'...
[2025-04-19 00:21:58] INFO (exportUtils.js): ✅ Arquivo CSV salvo como pokemon_reports.csv
[2025-04-19 00:21:58] ERROR (pokemonService.js): ❌ Erro durante a exportação: E11000 duplicate key error collection: estudos_nodejs.pokemon_report index: nationalDexNumber_1 dup key: { nationalDexNumber: null }
[2025-04-19 00:21:58] INFO (database.js): 🔌 Encerrando conexão com MongoDB...
[2025-04-19 00:21:58] WARN (database.js): ⚠️ MongoDB desconectado!
[2025-04-19 00:21:58] INFO (pokemonService.js): 🏁 Processo de exportação finalizado.
[2025-04-19 00:21:58] INFO (database.js): ✅ Desconexão realizada com sucesso.
[2025-04-19 00:22:29] INFO (database.js): 🔗 Estabelecendo conexão com o MongoDB...
[2025-04-19 00:22:29] INFO (pokemonService.js): 🚀 Iniciando exportação de relatórios...
[2025-04-19 00:22:30] INFO (database.js): ✅ MongoDB conectado com sucesso!
[2025-04-19 00:22:30] INFO (pokemonService.js): 🔄 Buscando dados de Pokémon...
[2025-04-19 00:22:30] INFO (pokemonService.js): 📊 1184 Pokémon(s) encontrados.
[2025-04-19 00:22:30] INFO (exportUtils.js): ✅ Arquivo JSON salvo como pokemon_reports.json
[2025-04-19 00:22:30] INFO (pokemonService.js): 📁 Exportando arquivos...
[2025-04-19 00:22:30] INFO (pokemonService.js): 📤 Fazendo upsert na coleção 'pokemon_report'...
[2025-04-19 00:22:30] INFO (exportUtils.js): ✅ Arquivo CSV salvo como pokemon_reports.csv
[2025-04-19 00:22:30] ERROR (pokemonService.js): ❌ Erro durante a exportação: E11000 duplicate key error collection: estudos_nodejs.pokemon_report index: nationalDexNumber_1 dup key: { nationalDexNumber: null }
[2025-04-19 00:22:30] INFO (database.js): 🔌 Encerrando conexão com MongoDB...
[2025-04-19 00:22:30] WARN (database.js): ⚠️ MongoDB desconectado!
[2025-04-19 00:22:30] INFO (pokemonService.js): 🏁 Processo de exportação finalizado.
[2025-04-19 00:22:30] INFO (database.js): ✅ Desconexão realizada com sucesso.
[2025-04-19 00:24:08] INFO (database.js): 🔗 Estabelecendo conexão com o MongoDB...
[2025-04-19 00:24:08] INFO (pokemonService.js): 🚀 Iniciando exportação de relatórios...
[2025-04-19 00:24:08] INFO (database.js): ✅ MongoDB conectado com sucesso!
[2025-04-19 00:24:08] INFO (pokemonService.js): 🔄 Buscando dados de Pokémon...
[2025-04-19 00:24:08] INFO (pokemonService.js): 📊 1184 Pokémon(s) encontrados.
[2025-04-19 00:24:08] INFO (exportUtils.js): ✅ Arquivo JSON salvo como pokemon_reports.json
[2025-04-19 00:24:08] INFO (pokemonService.js): 📁 Exportando arquivos...
[2025-04-19 00:24:08] INFO (pokemonService.js): 📤 Fazendo upsert na coleção 'pokemon_report'...
[2025-04-19 00:24:08] INFO (exportUtils.js): ✅ Arquivo CSV salvo como pokemon_reports.csv
[2025-04-19 00:24:08] ERROR (pokemonService.js): ❌ Erro durante a exportação: E11000 duplicate key error collection: estudos_nodejs.pokemon_report index: nationalDexNumber_1 dup key: { nationalDexNumber: null }
[2025-04-19 00:24:08] INFO (database.js): 🔌 Encerrando conexão com MongoDB...
[2025-04-19 00:24:08] WARN (database.js): ⚠️ MongoDB desconectado!
[2025-04-19 00:24:08] INFO (pokemonService.js): 🏁 Processo de exportação finalizado.
[2025-04-19 00:24:08] INFO (database.js): ✅ Desconexão realizada com sucesso.
[2025-04-19 00:24:40] INFO (database.js): 🔗 Estabelecendo conexão com o MongoDB...
[2025-04-19 00:24:40] INFO (pokemonService.js): 🚀 Iniciando exportação de relatórios...
[2025-04-19 00:24:40] INFO (database.js): ✅ MongoDB conectado com sucesso!
[2025-04-19 00:24:40] INFO (pokemonService.js): 🔄 Buscando dados de Pokémon...
[2025-04-19 00:24:40] INFO (pokemonService.js): 📊 1184 Pokémon(s) encontrados.
[2025-04-19 00:24:40] INFO (exportUtils.js): ✅ Arquivo JSON salvo como pokemon_reports.json
[2025-04-19 00:24:40] INFO (pokemonService.js): 📁 Exportando arquivos...
[2025-04-19 00:24:40] INFO (pokemonService.js): 📤 Fazendo upsert na coleção 'pokemon_report'...
[2025-04-19 00:24:40] INFO (exportUtils.js): ✅ Arquivo CSV salvo como pokemon_reports.csv
[2025-04-19 00:24:40] ERROR (pokemonService.js): ❌ Erro durante a exportação: E11000 duplicate key error collection: estudos_nodejs.pokemon_report index: nationalDexNumber_1 dup key: { nationalDexNumber: null }
[2025-04-19 00:24:40] INFO (database.js): 🔌 Encerrando conexão com MongoDB...
[2025-04-19 00:24:40] INFO (pokemonService.js): 🏁 Processo de exportação finalizado.
[2025-04-19 00:24:40] WARN (database.js): ⚠️ MongoDB desconectado!
[2025-04-19 00:24:40] INFO (database.js): ✅ Desconexão realizada com sucesso.
[2025-04-19 00:29:12] INFO (database.js): 🔗 Estabelecendo conexão com o MongoDB...
[2025-04-19 00:29:12] INFO (pokemonService.js): 🚀 Iniciando exportação de relatórios...
[2025-04-19 00:29:12] INFO (database.js): ✅ MongoDB conectado com sucesso!
[2025-04-19 00:29:12] INFO (pokemonService.js): 🔄 Buscando dados de Pokémon...
[2025-04-19 00:29:12] INFO (pokemonService.js): 📊 1184 Pokémon(s) encontrados.
[2025-04-19 00:29:12] INFO (exportUtils.js): ✅ Arquivo JSON salvo como pokemon_reports.json
[2025-04-19 00:29:12] INFO (pokemonService.js): 📁 Exportando arquivos...
[2025-04-19 00:29:12] INFO (pokemonService.js): 📤 Fazendo upsert na coleção 'pokemon_report'...
[2025-04-19 00:29:12] INFO (exportUtils.js): ✅ Arquivo CSV salvo como pokemon_reports.csv
[2025-04-19 00:29:12] INFO (pokemonService.js): ✅ Upserts realizados: 1025, atualizações: 159
[2025-04-19 00:29:12] INFO (database.js): 🔌 Encerrando conexão com MongoDB...
[2025-04-19 00:29:12] WARN (database.js): ⚠️ MongoDB desconectado!
[2025-04-19 00:29:12] INFO (pokemonService.js): 🏁 Processo de exportação finalizado.
[2025-04-19 00:29:12] INFO (database.js): ✅ Desconexão realizada com sucesso.
[2025-04-19 16:04:28] INFO (database.js): 🔗 Estabelecendo conexão com o MongoDB...
[2025-04-19 16:04:28] INFO (pokemonService.js): 🚀 Iniciando exportação de relatórios...
[2025-04-19 16:04:28] INFO (database.js): ✅ MongoDB conectado com sucesso!
[2025-04-19 16:04:28] INFO (pokemonService.js): 🔄 Buscando dados de Pokémon...
[2025-04-19 16:04:28] INFO (pokemonService.js): 📊 1184 Pokémon(s) encontrados.
[2025-04-19 16:04:28] INFO (exportUtils.js): ✅ Arquivo JSON salvo como pokemon_reports.json
[2025-04-19 16:04:28] INFO (pokemonService.js): 📁 Exportando arquivos...
[2025-04-19 16:04:28] INFO (pokemonService.js): 📤 Fazendo upsert na coleção 'pokemon_report'...
[2025-04-19 16:04:28] INFO (exportUtils.js): ✅ Arquivo CSV salvo como pokemon_reports.csv
[2025-04-19 16:04:28] INFO (pokemonService.js): ✅ Upserts realizados: 0, atualizações: 1184
[2025-04-19 16:04:28] INFO (database.js): 🔌 Encerrando conexão com MongoDB...
[2025-04-19 16:04:28] INFO (pokemonService.js): 🏁 Processo de exportação finalizado.
[2025-04-19 16:04:28] WARN (database.js): ⚠️ MongoDB desconectado!
[2025-04-19 16:04:28] INFO (database.js): ✅ Desconexão realizada com sucesso.
[2025-04-19 21:38:28] INFO (database.js): 🔗 Estabelecendo conexão com o MongoDB...
[2025-04-19 21:38:28] INFO (pokemonService.js): 🚀 Iniciando exportação de relatórios...
[2025-04-19 21:38:28] INFO (database.js): ✅ MongoDB conectado com sucesso!
[2025-04-19 21:38:28] INFO (pokemonService.js): 🔄 Buscando dados de Pokémon...
[2025-04-19 21:38:28] INFO (pokemonService.js): 📊 1184 Pokémon(s) encontrados.
[2025-04-19 21:38:28] INFO (exportUtils.js): ✅ Arquivo JSON salvo como pokemon_reports.json
[2025-04-19 21:38:28] INFO (pokemonService.js): 📁 Exportando arquivos...
[2025-04-19 21:38:28] INFO (pokemonService.js): 📤 Fazendo upsert na coleção 'pokemon_report'...
[2025-04-19 21:38:28] INFO (exportUtils.js): ✅ Arquivo CSV salvo como pokemon_reports.csv
[2025-04-19 21:38:28] INFO (pokemonService.js): ✅ Upserts realizados: 1025, atualizações: 159
[2025-04-19 21:38:28] INFO (database.js): 🔌 Encerrando conexão com MongoDB...
[2025-04-19 21:38:28] WARN (database.js): ⚠️ MongoDB desconectado!
[2025-04-19 21:38:28] INFO (pokemonService.js): 🏁 Processo de exportação finalizado.
[2025-04-19 21:38:28] INFO (database.js): ✅ Desconexão realizada com sucesso.
[2025-04-19 21:41:11] INFO (database.js): 🔗 Estabelecendo conexão com o MongoDB...
[2025-04-19 21:41:11] INFO (pokemonService.js): 🚀 Iniciando exportação de relatórios...
[2025-04-19 21:41:11] INFO (database.js): ✅ MongoDB conectado com sucesso!
[2025-04-19 21:41:11] INFO (pokemonService.js): 🔄 Buscando dados de Pokémon...
[2025-04-19 21:41:11] INFO (pokemonService.js): 📊 1077 Pokémon(s) encontrados.
[2025-04-19 21:41:11] INFO (exportUtils.js): ✅ Arquivo JSON salvo como pokemon_reports.json
[2025-04-19 21:41:11] INFO (pokemonService.js): 📁 Exportando arquivos...
[2025-04-19 21:41:11] INFO (pokemonService.js): 📤 Fazendo upsert na coleção 'pokemon_report'...
[2025-04-19 21:41:11] INFO (exportUtils.js): ✅ Arquivo CSV salvo como pokemon_reports.csv
[2025-04-19 21:41:11] INFO (pokemonService.js): ✅ Upserts realizados: 1025, atualizações: 52
[2025-04-19 21:41:11] INFO (database.js): 🔌 Encerrando conexão com MongoDB...
[2025-04-19 21:41:11] WARN (database.js): ⚠️ MongoDB desconectado!
[2025-04-19 21:41:11] INFO (pokemonService.js): 🏁 Processo de exportação finalizado.
[2025-04-19 21:41:11] INFO (database.js): ✅ Desconexão realizada com sucesso.
[2025-04-19 21:43:28] INFO (database.js): 🔗 Estabelecendo conexão com o MongoDB...
[2025-04-19 21:43:28] INFO (pokemonService.js): 🚀 Iniciando exportação de relatórios...
[2025-04-19 21:43:28] INFO (database.js): ✅ MongoDB conectado com sucesso!
[2025-04-19 21:43:28] INFO (pokemonService.js): 🔄 Buscando dados de Pokémon...
[2025-04-19 21:43:28] INFO (pokemonService.js): 📊 1075 Pokémon(s) encontrados.
[2025-04-19 21:43:28] INFO (exportUtils.js): ✅ Arquivo JSON salvo como pokemon_reports.json
[2025-04-19 21:43:28] INFO (pokemonService.js): 📁 Exportando arquivos...
[2025-04-19 21:43:28] INFO (pokemonService.js): 📤 Fazendo upsert na coleção 'pokemon_report'...
[2025-04-19 21:43:28] INFO (exportUtils.js): ✅ Arquivo CSV salvo como pokemon_reports.csv
[2025-04-19 21:43:28] INFO (pokemonService.js): ✅ Upserts realizados: 0, atualizações: 1075
[2025-04-19 21:43:28] INFO (database.js): 🔌 Encerrando conexão com MongoDB...
[2025-04-19 21:43:28] WARN (database.js): ⚠️ MongoDB desconectado!
[2025-04-19 21:43:28] INFO (pokemonService.js): 🏁 Processo de exportação finalizado.
[2025-04-19 21:43:28] INFO (database.js): ✅ Desconexão realizada com sucesso.
