[2025-04-14 14:47:26] INFO (database.js): 🔗 Estabelecendo conexão com o MongoDB...
[2025-04-14 14:47:26] INFO (pokemonService.js): 🚀 Iniciando exportação de relatórios...
[2025-04-14 14:47:26] INFO (database.js): ✅ MongoDB conectado com sucesso!
[2025-04-14 14:47:26] INFO (pokemonService.js): 🔄 Buscando dados de Pokémon...
[2025-04-14 14:47:26] INFO (pokemonService.js): 📊 1184 Pokémon(s) encontrados.
[2025-04-14 14:47:26] INFO (exportUtils.js): ✅ Arquivo JSON salvo como pokemon_reports.json
[2025-04-14 14:47:26] INFO (database.js): 🔌 Encerrando conexão com MongoDB...
[2025-04-14 14:47:26] INFO (pokemonService.js): 📁 Exportando arquivos...
[2025-04-14 14:47:26] INFO (pokemonService.js): ✅ Exportação concluída com sucesso!
[2025-04-14 14:47:26] INFO (exportUtils.js): ✅ Arquivo CSV salvo como pokemon_reports.csv
[2025-04-14 14:47:26] WARN (database.js): ⚠️ MongoDB desconectado!
[2025-04-14 14:47:26] INFO (pokemonService.js): 🏁 Processo de exportação finalizado.
[2025-04-14 14:47:26] INFO (database.js): ✅ Desconexão realizada com sucesso.
[2025-04-14 14:49:35] INFO (database.js): 🔗 Estabelecendo conexão com o MongoDB...
[2025-04-14 14:49:35] INFO (pokemonService.js): 🚀 Iniciando exportação de relatórios...
[2025-04-14 14:49:35] INFO (database.js): ✅ MongoDB conectado com sucesso!
[2025-04-14 14:49:35] INFO (pokemonService.js): 🔄 Buscando dados de Pokémon...
[2025-04-14 14:49:35] INFO (pokemonService.js): 📊 1184 Pokémon(s) encontrados.
[2025-04-14 14:49:35] INFO (exportUtils.js): ✅ Arquivo JSON salvo como pokemon_reports.json
[2025-04-14 14:49:35] INFO (database.js): 🔌 Encerrando conexão com MongoDB...
[2025-04-14 14:49:35] INFO (pokemonService.js): 📁 Exportando arquivos...
[2025-04-14 14:49:35] INFO (pokemonService.js): ✅ Exportação concluída com sucesso!
[2025-04-14 14:49:35] INFO (pokemonService.js): 🏁 Processo de exportação finalizado.
[2025-04-14 14:49:35] INFO (exportUtils.js): ✅ Arquivo CSV salvo como pokemon_reports.csv
[2025-04-14 14:49:35] WARN (database.js): ⚠️ MongoDB desconectado!
[2025-04-14 14:49:35] INFO (database.js): ✅ Desconexão realizada com sucesso.
[2025-04-14 14:52:13] INFO (database.js): 🔗 Estabelecendo conexão com o MongoDB...
[2025-04-14 14:52:13] INFO (pokemonService.js): 🚀 Iniciando exportação de relatórios...
[2025-04-14 14:52:13] INFO (database.js): ✅ MongoDB conectado com sucesso!
[2025-04-14 14:52:13] INFO (pokemonService.js): 🔄 Buscando dados de Pokémon...
[2025-04-14 14:52:13] INFO (pokemonService.js): 📊 1184 Pokémon(s) encontrados.
[2025-04-14 14:52:13] INFO (exportUtils.js): ✅ Arquivo JSON salvo como pokemon_reports.json
[2025-04-14 14:52:13] INFO (database.js): 🔌 Encerrando conexão com MongoDB...
[2025-04-14 14:52:13] INFO (pokemonService.js): 📁 Exportando arquivos...
[2025-04-14 14:52:13] INFO (pokemonService.js): ✅ Exportação concluída com sucesso!
[2025-04-14 14:52:13] INFO (exportUtils.js): ✅ Arquivo CSV salvo como pokemon_reports.csv
[2025-04-14 14:52:13] WARN (database.js): ⚠️ MongoDB desconectado!
[2025-04-14 14:52:13] INFO (pokemonService.js): 🏁 Processo de exportação finalizado.
[2025-04-14 14:52:13] INFO (database.js): ✅ Desconexão realizada com sucesso.
