[2025-04-01T01:25:11.078Z] Falha no login - Email: teste@email.com
[2025-04-01T01:29:25.978Z] Conta criada - Usuário ID: 4
[2025-04-01T01:29:26.067Z] Login bem-sucedido - Usuário: teste@email.com
[2025-04-01T01:30:50.308Z] Login bem-sucedido - Usuário: teste@email.com
[2025-04-01T01:32:49.835Z] Login bem-sucedido - Usuário: joao2@email.com
[2025-04-01T01:37:00.669Z] Login bem-sucedido - Usuário: teste@email.com
[2025-04-01T01:39:06.142Z] Conta criada - Usuário ID: 5
[2025-04-01T01:39:06.233Z] Login bem-sucedido - Usuário: teste@email.com
[2025-04-01T01:41:14.276Z] Conta criada - Usuário ID: 6
[2025-04-01T01:41:14.365Z] Login bem-sucedido - Usuário: teste@email.com
[2025-04-01T01:45:08.951Z] Login bem-sucedido - Usuário: teste@email.com
[2025-04-01T01:46:55.669Z] Conta criada - Usuário ID: 7
[2025-04-01T01:46:55.760Z] Login bem-sucedido - Usuário: teste@email.com
[2025-04-01T01:49:05.165Z] Conta excluída - Usuário ID: 7
[2025-04-01T23:38:58.583Z] Conta criada - Usuário ID: 8
[2025-04-01T23:38:58.664Z] Login bem-sucedido - Usuário: usuario@email.com
[2025-04-01T23:38:58.950Z] Conta criada - Usuário ID: 9
[2025-04-01T23:38:59.027Z] Login bem-sucedido - Usuário: teste@email.com
[2025-04-01T23:43:33.256Z] Login bem-sucedido - Usuário: teste@email.com
[2025-04-01T23:45:49.826Z] Login bem-sucedido - Usuário: joao2@email.com
[2025-04-01T23:46:27.753Z] Conta excluída - Usuário ID: 2
[2025-04-01T23:46:31.093Z] Conta excluída - Usuário ID: 3
[2025-04-01T23:46:35.731Z] Conta excluída - Usuário ID: 8
[2025-04-01T23:46:38.493Z] Conta excluída - Usuário ID: 9
[2025-04-01T23:47:01.753Z] Conta criada - Usuário ID: 10
[2025-04-01T23:47:01.765Z] Conta criada - Usuário ID: 11
[2025-04-01T23:47:01.843Z] Login bem-sucedido - Usuário: usuario@email.com
[2025-04-01T23:47:01.850Z] Login bem-sucedido - Usuário: teste@email.com
[2025-04-01T23:47:01.889Z] Conta excluída - Usuário ID: 10
[2025-04-01T23:51:08.594Z] Conta excluída - Usuário ID: 11
[2025-04-01T23:51:29.138Z] Conta criada - Usuário ID: 12
[2025-04-01T23:51:29.225Z] Login bem-sucedido - Usuário: teste@email.com
[2025-04-01T23:51:29.278Z] Conta criada - Usuário ID: 13
[2025-04-01T23:51:29.358Z] Login bem-sucedido - Usuário: usuario@email.com
[2025-04-01T23:51:29.397Z] Conta excluída - Usuário ID: 13
[2025-04-01T23:52:25.599Z] Conta excluída - Usuário ID: 12
[2025-04-01T23:52:40.099Z] Conta criada - Usuário ID: 14
[2025-04-01T23:52:40.186Z] Login bem-sucedido - Usuário: teste@email.com
[2025-04-01T23:52:40.228Z] Conta criada - Usuário ID: 15
[2025-04-01T23:52:40.309Z] Login bem-sucedido - Usuário: usuario@email.com
[2025-04-01T23:52:40.351Z] Conta excluída - Usuário ID: 15
[2025-04-01T23:56:34.215Z] Conta excluída - Usuário ID: 14
[2025-04-01T23:56:53.655Z] Conta criada - Usuário ID: 16
[2025-04-01T23:56:53.740Z] Login bem-sucedido - Usuário: teste@email.com
[2025-04-01T23:56:53.789Z] Conta criada - Usuário ID: 17
[2025-04-01T23:56:53.870Z] Login bem-sucedido - Usuário: usuario@email.com
[2025-04-01T23:56:53.910Z] Conta excluída - Usuário ID: 17
